[dotenv@17.2.3] injecting env (10) from .env -- tip: ΓÜÖ∩╕Å  write to custom object with { processEnv: myObject }
Attempting to connect to MySQL database...
Host: viaduct.proxy.rlwy.net
Port: 43599
Database: testdb
User: root
node : 
At line:1 char:1
+ node test-db-connec
tion.js > 
test-output.txt 2>&1 
; cat test-output.t 
...
+ ~~~~~~~~~~~~~~~~~~~
~~~~~~~~~~~~~~~~~~~~~
~~~~~~~~~
    + CategoryInfo   
           : NotSpe  
  cified: (:String   
 ) [], RemoteExce    
ption
    + FullyQualified 
   ErrorId : Native  
  CommandError
 
Γ¥î Unable to 
connect to the 
database:
Error name: Sequelize
ConnectionError
Error message: 
Connection lost: The 
server closed the 
connection.
Error code: undefined

Full error: 
ConnectionError [Sequ
elizeConnectionError]
: Connection lost: 
The server closed 
the connection.
    at ConnectionMana
ger.connect (C:\Users
\ADMIN\Downloads\back
end-pos\node_modules\
sequelize\lib\dialect
s\mysql\connection-ma
nager.js:102:17)
    at async Connecti
onManager._connect (C
:\Users\ADMIN\Downloa
ds\backend-pos\node_m
odules\sequelize\lib\
dialects\abstract\con
nection-manager.js:22
2:24)
    at async C:\Users
\ADMIN\Downloads\back
end-pos\node_modules\
sequelize\lib\dialect
s\abstract\connection
-manager.js:174:32
    at async Connecti
onManager.getConnecti
on (C:\Users\ADMIN\Do
wnloads\backend-pos\n
ode_modules\sequelize
\lib\dialects\abstrac
t\connection-manager.
js:197:7)
    at async C:\Users
\ADMIN\Downloads\back
end-pos\node_modules\
sequelize\lib\sequeli
ze.js:305:26
    at async Sequeliz
e.authenticate (C:\Us
ers\ADMIN\Downloads\b
ackend-pos\node_modul
es\sequelize\lib\sequ
elize.js:457:5) {
  parent: Error: 
Connection lost: The 
server closed the 
connection.
      at 
Socket.<anonymous> (C
:\Users\ADMIN\Downloa
ds\backend-pos\node_m
odules\mysql2\lib\bas
e\connection.js:113:3
1)
      at Socket.emit 
(node:events:519:28)
      at 
TCP.<anonymous> 
(node:net:346:12) {
    fatal: true,
    code: 'PROTOCOL_C
ONNECTION_LOST'
  },
  original: Error: 
Connection lost: The 
server closed the 
connection.
      at 
Socket.<anonymous> (C
:\Users\ADMIN\Downloa
ds\backend-pos\node_m
odules\mysql2\lib\bas
e\connection.js:113:3
1)
      at Socket.emit 
(node:events:519:28)
      at 
TCP.<anonymous> 
(node:net:346:12) {
    fatal: true,
    code: 'PROTOCOL_C
ONNECTION_LOST'
  }
}
